// Jest Snapshot v1, https://goo.gl/fbAQLP

exports[`renders correctly 1`] = `
<View
  style={
    Object {
      "flex": 1,
    }
  }
>
  <RCTWebView
    allowsInlineMediaPlayback={undefined}
    automaticallyAdjustContentInsets={undefined}
    bounces={undefined}
    contentInset={undefined}
    dataDetectorTypes={undefined}
    decelerationRate={undefined}
    injectedJavaScript={undefined}
    mediaPlaybackRequiresUserAction={undefined}
    messagingEnabled={false}
    onLoadingError={[Function]}
    onLoadingFinish={[Function]}
    onLoadingStart={[Function]}
    onMessage={[Function]}
    onShouldStartLoadWithRequest={[Function]}
    scalesPageToFit={true}
    scrollEnabled={undefined}
    source={
      Object {
        "uri": "http://google.com",
      }
    }
    style={
      Array [
        Object {
          "flex": 1,
        },
        Object {
          "backgroundColor": "#ffffff",
        },
        undefined,
      ]
    }
  />
</View>
`;
