// Jest Snapshot v1, https://goo.gl/fbAQLP

exports[`renders correctly 1`] = `
<RCTScrollView
  style={undefined}
>
  <View>
    <ActivityIndicator
      animating={true}
      color="#999999"
      hidesWhenStopped={true}
      size="large"
      style={
        Object {
          "alignItems": "center",
          "height": 80,
          "justifyContent": "center",
          "padding": 8,
        }
      }
    />
    <ActivityIndicator
      animating={true}
      color="#999999"
      hidesWhenStopped={true}
      size="large"
      style={
        Object {
          "alignItems": "center",
          "height": 80,
          "justifyContent": "center",
          "padding": 8,
        }
      }
    />
  </View>
</RCTScrollView>
`;
